// Jest Snapshot v1, https://goo.gl/fbAQLP

exports[`GitHub Controller redirects the user to the GitHub login page 1`] = `"Found. Redirecting to https://github.com/login/oauth/authorize?client_id=undefined"`;
